#-----------------------------------------------------------
# Vivado v2024.2 (64-bit)
# SW Build 5239630 on Fri Nov 08 22:35:27 MST 2024
# IP Build 5239520 on Sun Nov 10 16:12:51 MST 2024
# SharedData Build 5239561 on Fri Nov 08 14:39:27 MST 2024
# Start of session at: Mon May  5 16:10:25 2025
# Process ID         : 14064
# Current directory  : C:/Users/Asus/Desktop/Project/hw/uart_wrapper_3data/project_1.runs/impl_1
# Command line       : vivado.exe -log uart_wrapper.vdi -applog -product Vivado -messageDb vivado.pb -mode batch -source uart_wrapper.tcl -notrace
# Log file           : C:/Users/Asus/Desktop/Project/hw/uart_wrapper_3data/project_1.runs/impl_1/uart_wrapper.vdi
# Journal file       : C:/Users/Asus/Desktop/Project/hw/uart_wrapper_3data/project_1.runs/impl_1\vivado.jou
# Running On         : DESKTOP-Q25IVM8
# Platform           : Windows Server 2016 or Windows 10
# Operating System   : 19045
# Processor Detail   : Intel(R) Core(TM) i7-6500U CPU @ 2.50GHz
# CPU Frequency      : 2592 MHz
# CPU Physical cores : 2
# CPU Logical cores  : 4
# Host memory        : 12778 MB
# Swap memory        : 1946 MB
# Total Virtual      : 14725 MB
# Available Virtual  : 7541 MB
#-----------------------------------------------------------
source uart_wrapper.tcl -notrace
